==========================================
Array job started at:   Mon Mar  2 06:23:28 PM PST 2026
Array job ID:           25334157
Array task ID:          2
Node:                   fc30612
CPUs:                   8
==========================================

Configuration:
  Data directory:   data/spatial_datasets
  Output directory: results
  Cores:            8
  Dataset index:    2

=============================================================
Spatial Nonstationarity Analysis - HPC Parallel Processing
=============================================================
Data directory:    data/spatial_datasets 
Output directory:  results 
Cores:             8 
Gene selection:    all expressed genes (after quality filter)
SLURM array task:  2 
Start time:        2026-03-02 18:23:29 
=============================================================

Loading packages...
Loading analysis functions...
Analysis functions loaded.
Testing INLA...
INLA OK

Found 18 unique dataset files (v3.13 duplicates excluded)
Array mode: processing dataset 2 of 18 

Setting up 8 parallel workers...
[[1]]
NULL

[[2]]
NULL

[[3]]
NULL

[[4]]
NULL

[[5]]
NULL

[[6]]
NULL

[[7]]
NULL

[[8]]
NULL


============================================================
Dataset 1 / 1 : HumanBreastCancerILC 
= = = = = = = = = = = = = = = = = = = = = = = = = = = = = = = = = = = = = = = = = = = = = = = = = = = = = = = = = = = = 
  Genes: 36601, Spots: 4325
  After quality filter: 16564 genes (analyse all)
  Building shared SPDE mesh...
  Mesh: 313 nodes
  Running parallel INLA fits for 16564 genes...
  Completed in 496.4 min
  Saved: results/HumanBreastCancerILC_results.rds 
  Successful: 16564/16564  |  Favour non-stationary: 8280 (50.0%)

============================================================
Combining results across all datasets...
Saved combined results to: results 

============================================================
ANALYSIS SUMMARY
= = = = = = = = = = = = = = = = = = = = = = = = = = = = = = = = = = = = = = = = = = = = = = = = = = = = = = = = = = = = 
Datasets processed: 1 
Total genes:        16564 
Successful fits:    16564 
Failed fits:        0 

Bayes Factor summary:
  Mean log(BF):                 2.386 
  Median log(BF):               -0.003 
  % favouring non-stationary:   50 %
  % extreme for stationary:     19.8 %
  % extreme for non-stationary: 27.5 %

End time: 2026-03-03 02:40:18 
Done!

==========================================
Task 2 completed successfully at: Tue Mar  3 02:40:19 AM PST 2026
==========================================
