==========================================
Array job started at:   Mon Mar  2 06:23:28 PM PST 2026
Array job ID:           25334157
Array task ID:          13
Node:                   fc30659
CPUs:                   8
==========================================

Configuration:
  Data directory:   data/spatial_datasets
  Output directory: results
  Cores:            8
  Dataset index:    13

=============================================================
Spatial Nonstationarity Analysis - HPC Parallel Processing
=============================================================
Data directory:    data/spatial_datasets 
Output directory:  results 
Cores:             8 
Gene selection:    all expressed genes (after quality filter)
SLURM array task:  13 
Start time:        2026-03-02 18:23:29 
=============================================================

Loading packages...
Loading analysis functions...
Analysis functions loaded.
Testing INLA...
INLA OK

Found 18 unique dataset files (v3.13 duplicates excluded)
Array mode: processing dataset 13 of 18 

Setting up 8 parallel workers...
[[1]]
NULL

[[2]]
NULL

[[3]]
NULL

[[4]]
NULL

[[5]]
NULL

[[6]]
NULL

[[7]]
NULL

[[8]]
NULL


============================================================
Dataset 1 / 1 : MouseBrainSagittalPosterior 
= = = = = = = = = = = = = = = = = = = = = = = = = = = = = = = = = = = = = = = = = = = = = = = = = = = = = = = = = = = = 
  Genes: 32285, Spots: 6644
  After quality filter: 16137 genes (analyse all)
  Building shared SPDE mesh...
  Mesh: 292 nodes
  Running parallel INLA fits for 16137 genes...
  Completed in 556.7 min
  Saved: results/MouseBrainSagittalPosterior_results.rds 
  Successful: 16137/16137  |  Favour non-stationary: 3037 (18.8%)

============================================================
Combining results across all datasets...
Saved combined results to: results 

============================================================
ANALYSIS SUMMARY
= = = = = = = = = = = = = = = = = = = = = = = = = = = = = = = = = = = = = = = = = = = = = = = = = = = = = = = = = = = = 
Datasets processed: 1 
Total genes:        16137 
Successful fits:    16137 
Failed fits:        0 

Bayes Factor summary:
  Mean log(BF):                 -2.472 
  Median log(BF):               -4.258 
  % favouring non-stationary:   18.8 %
  % extreme for stationary:     45.4 %
  % extreme for non-stationary: 10.5 %

End time: 2026-03-03 03:40:34 
Done!

==========================================
Task 13 completed successfully at: Tue Mar  3 03:40:34 AM PST 2026
==========================================
