Lmod Warning:
-------------------------------------------------------------------------------
The following dependent module(s) are not currently loaded: boost/1.82.0
(required by: armadillo/12.6.4)
-------------------------------------------------------------------------------



Warning message:
`inla.mesh.1d()` was deprecated in INLA 23.08.18.
ℹ Please use `fmesher::fm_mesh_1d()` instead.
ℹ For more information, see
  https://inlabru-org.github.io/fmesher/articles/inla_conversion.html
ℹ To silence these deprecation messages in old legacy code, set
  `inla.setOption(fmesher.evolution.warn = FALSE)`.
ℹ To ensure visibility of these messages in package tests, also set
  `inla.setOption(fmesher.evolution.verbosity = 'warn')`. 
Loading required package: HDF5Array
Loading required package: SparseArray
Loading required package: S4Arrays
Loading required package: abind

Attaching package: ‘S4Arrays’

The following object is masked from ‘package:abind’:

    abind

The following object is masked from ‘package:base’:

    rowsum

Loading required package: DelayedArray

Attaching package: ‘DelayedArray’

The following objects are masked from ‘package:base’:

    apply, scale, sweep

Loading required package: rhdf5

Attaching package: ‘HDF5Array’

The following object is masked from ‘package:rhdf5’:

    h5ls

