==========================================
Array job started at:   Mon Mar  2 06:23:28 PM PST 2026
Array job ID:           25334157
Array task ID:          5
Node:                   fc30638
CPUs:                   8
==========================================

Configuration:
  Data directory:   data/spatial_datasets
  Output directory: results
  Cores:            8
  Dataset index:    5

=============================================================
Spatial Nonstationarity Analysis - HPC Parallel Processing
=============================================================
Data directory:    data/spatial_datasets 
Output directory:  results 
Cores:             8 
Gene selection:    all expressed genes (after quality filter)
SLURM array task:  5 
Start time:        2026-03-02 18:23:29 
=============================================================

Loading packages...
Loading analysis functions...
Analysis functions loaded.
Testing INLA...
INLA OK

Found 18 unique dataset files (v3.13 duplicates excluded)
Array mode: processing dataset 5 of 18 

Setting up 8 parallel workers...
[[1]]
NULL

[[2]]
NULL

[[3]]
NULL

[[4]]
NULL

[[5]]
NULL

[[6]]
NULL

[[7]]
NULL

[[8]]
NULL


============================================================
Dataset 1 / 1 : HumanGlioblastoma 
= = = = = = = = = = = = = = = = = = = = = = = = = = = = = = = = = = = = = = = = = = = = = = = = = = = = = = = = = = = = 
  Genes: 36601, Spots: 3468
  After quality filter: 17963 genes (analyse all)
  Building shared SPDE mesh...
  Mesh: 320 nodes
  Running parallel INLA fits for 17963 genes...
error calling combine function:
<simpleError in rbind(deparse.level, ...): numbers of columns of arguments do not match>
  Completed in 303.1 min
  Saved: results/HumanGlioblastoma_results.rds 
  Successful: 13368/13368  |  Favour non-stationary: 1881 (14.1%)

============================================================
Combining results across all datasets...
Saved combined results to: results 

============================================================
ANALYSIS SUMMARY
= = = = = = = = = = = = = = = = = = = = = = = = = = = = = = = = = = = = = = = = = = = = = = = = = = = = = = = = = = = = 
Datasets processed: 1 
Total genes:        13368 
Successful fits:    13368 
Failed fits:        0 

Bayes Factor summary:
  Mean log(BF):                 -2.159 
  Median log(BF):               -5.292 
  % favouring non-stationary:   14.1 %
  % extreme for stationary:     59.7 %
  % extreme for non-stationary: 8.6 %

End time: 2026-03-02 23:26:57 
Done!

==========================================
Task 5 completed successfully at: Mon Mar  2 11:26:57 PM PST 2026
==========================================
