==========================================
Array job started at:   Mon Mar  2 06:23:28 PM PST 2026
Array job ID:           25334157
Array task ID:          4
Node:                   fc30638
CPUs:                   8
==========================================

Configuration:
  Data directory:   data/spatial_datasets
  Output directory: results
  Cores:            8
  Dataset index:    4

=============================================================
Spatial Nonstationarity Analysis - HPC Parallel Processing
=============================================================
Data directory:    data/spatial_datasets 
Output directory:  results 
Cores:             8 
Gene selection:    all expressed genes (after quality filter)
SLURM array task:  4 
Start time:        2026-03-02 18:23:29 
=============================================================

Loading packages...
Loading analysis functions...
Analysis functions loaded.
Testing INLA...
INLA OK

Found 18 unique dataset files (v3.13 duplicates excluded)
Array mode: processing dataset 4 of 18 

Setting up 8 parallel workers...
[[1]]
NULL

[[2]]
NULL

[[3]]
NULL

[[4]]
NULL

[[5]]
NULL

[[6]]
NULL

[[7]]
NULL

[[8]]
NULL


============================================================
Dataset 1 / 1 : HumanColorectalCancer 
= = = = = = = = = = = = = = = = = = = = = = = = = = = = = = = = = = = = = = = = = = = = = = = = = = = = = = = = = = = = 
  Genes: 36601, Spots: 3138
  After quality filter: 16236 genes (analyse all)
  Building shared SPDE mesh...
  Mesh: 296 nodes
  Running parallel INLA fits for 16236 genes...
  Completed in 262.2 min
  Saved: results/HumanColorectalCancer_results.rds 
  Successful: 16236/16236  |  Favour non-stationary: 2220 (13.7%)

============================================================
Combining results across all datasets...
Saved combined results to: results 

============================================================
ANALYSIS SUMMARY
= = = = = = = = = = = = = = = = = = = = = = = = = = = = = = = = = = = = = = = = = = = = = = = = = = = = = = = = = = = = 
Datasets processed: 1 
Total genes:        16236 
Successful fits:    16236 
Failed fits:        0 

Bayes Factor summary:
  Mean log(BF):                 -2.475 
  Median log(BF):               -6.522 
  % favouring non-stationary:   13.7 %
  % extreme for stationary:     71.7 %
  % extreme for non-stationary: 9.7 %

End time: 2026-03-02 22:46:02 
Done!

==========================================
Task 4 completed successfully at: Mon Mar  2 10:46:02 PM PST 2026
==========================================
