Lmod Warning:
-------------------------------------------------------------------------------
The following dependent module(s) are not currently loaded: boost/1.82.0
(required by: armadillo/12.6.4)
-------------------------------------------------------------------------------



Warning message:
`inla.mesh.1d()` was deprecated in INLA 23.08.18.
ℹ Please use `fmesher::fm_mesh_1d()` instead.
ℹ For more information, see
  https://inlabru-org.github.io/fmesher/articles/inla_conversion.html
ℹ To silence these deprecation messages in old legacy code, set
  `inla.setOption(fmesher.evolution.warn = FALSE)`.
ℹ To ensure visibility of these messages in package tests, also set
  `inla.setOption(fmesher.evolution.verbosity = 'warn')`. 


	GitId: "devel"
	Error:12 Reason: The Newton-Raphson optimizer did not converge
	Message: Condition `lambda < 1.0 / lambda_lim' is not TRUE
	Line:1021 Function: GMRFLib_init_GMRF_approximation_store__intern



	GitId: "devel"
	Error:12 Reason: The Newton-Raphson optimizer did not converge
	Message: Condition `lambda < 1.0 / lambda_lim' is not TRUE
	Line:1021 Function: GMRFLib_init_GMRF_approximation_store__intern



	GitId: "devel"
	Error:12 Reason: The Newton-Raphson optimizer did not converge
	Message: Condition `lambda < 1.0 / lambda_lim' is not TRUE
	Line:1021 Function: GMRFLib_init_GMRF_approximation_store__intern



	GitId: "devel"
	Error:12 Reason: The Newton-Raphson optimizer did not converge
	Message: Condition `lambda < 1.0 / lambda_lim' is not TRUE
	Line:1021 Function: GMRFLib_init_GMRF_approximation_store__intern



	GitId: "devel"
	Error:12 Reason: The Newton-Raphson optimizer did not converge
	Message: Condition `lambda < 1.0 / lambda_lim' is not TRUE
	Line:1021 Function: GMRFLib_init_GMRF_approximation_store__intern



	GitId: "devel"
	Error:12 Reason: The Newton-Raphson optimizer did not converge
	Message: Condition `lambda < 1.0 / lambda_lim' is not TRUE
	Line:1021 Function: GMRFLib_init_GMRF_approximation_store__intern



	GitId: "devel"
	Error:12 Reason: The Newton-Raphson optimizer did not converge
	Message: Condition `lambda < 1.0 / lambda_lim' is not TRUE
	Line:1021 Function: GMRFLib_init_GMRF_approximation_store__intern



	GitId: "devel"
	Error:12 Reason: The Newton-Raphson optimizer did not converge
	Message: Condition `lambda < 1.0 / lambda_lim' is not TRUE
	Line:1021 Function: GMRFLib_init_GMRF_approximation_store__intern



	GitId: "devel"
	Error:12 Reason: The Newton-Raphson optimizer did not converge
	Message: Condition `lambda < 1.0 / lambda_lim' is not TRUE
	Line:1021 Function: GMRFLib_init_GMRF_approximation_store__intern



	GitId: "devel"
	Error:12 Reason: The Newton-Raphson optimizer did not converge
	Message: Condition `lambda < 1.0 / lambda_lim' is not TRUE
	Line:1021 Function: GMRFLib_init_GMRF_approximation_store__intern



	GitId: "devel"
	Error:12 Reason: The Newton-Raphson optimizer did not converge
	Message: Condition `lambda < 1.0 / lambda_lim' is not TRUE
	Line:1021 Function: GMRFLib_init_GMRF_approximation_store__intern



	GitId: "devel"
	Error:12 Reason: The Newton-Raphson optimizer did not converge
	Message: Condition `lambda < 1.0 / lambda_lim' is not TRUE
	Line:1021 Function: GMRFLib_init_GMRF_approximation_store__intern



	GitId: "devel"
	Error:12 Reason: The Newton-Raphson optimizer did not converge
	Message: Condition `lambda < 1.0 / lambda_lim' is not TRUE
	Line:1021 Function: GMRFLib_init_GMRF_approximation_store__intern



	GitId: "devel"
	Error:12 Reason: The Newton-Raphson optimizer did not converge
	Message: Condition `lambda < 1.0 / lambda_lim' is not TRUE
	Line:1021 Function: GMRFLib_init_GMRF_approximation_store__intern



	GitId: "devel"
	Error:12 Reason: The Newton-Raphson optimizer did not converge
	Message: Condition `lambda < 1.0 / lambda_lim' is not TRUE
	Line:1021 Function: GMRFLib_init_GMRF_approximation_store__intern



	GitId: "devel"
	Error:12 Reason: The Newton-Raphson optimizer did not converge
	Message: Condition `lambda < 1.0 / lambda_lim' is not TRUE
	Line:1021 Function: GMRFLib_init_GMRF_approximation_store__intern



	GitId: "devel"
	Error:12 Reason: The Newton-Raphson optimizer did not converge
	Message: Condition `lambda < 1.0 / lambda_lim' is not TRUE
	Line:1021 Function: GMRFLib_init_GMRF_approximation_store__intern



	GitId: "devel"
	Error:12 Reason: The Newton-Raphson optimizer did not converge
	Message: Condition `lambda < 1.0 / lambda_lim' is not TRUE
	Line:1021 Function: GMRFLib_init_GMRF_approximation_store__intern



	GitId: "devel"
	Error:12 Reason: The Newton-Raphson optimizer did not converge
	Message: Condition `lambda < 1.0 / lambda_lim' is not TRUE
	Line:1021 Function: GMRFLib_init_GMRF_approximation_store__intern

slurmstepd: error: *** JOB 25334192 ON fc30634 CANCELLED AT 2026-03-03T06:23:47 DUE TO TIME LIMIT ***
slurmstepd: error: *** JOB 25334192 STEPD TERMINATED ON fc30634 AT 2026-03-03T06:33:47 DUE TO JOB NOT ENDING WITH SIGNALS ***
slurmstepd: error: Container 3236697 in cgroup plugin has 2 processes, giving up after 607 sec
