==========================================
Array job started at:   Mon Mar  2 06:23:28 PM PST 2026
Array job ID:           25334157
Array task ID:          6
Node:                   fc30639
CPUs:                   8
==========================================

Configuration:
  Data directory:   data/spatial_datasets
  Output directory: results
  Cores:            8
  Dataset index:    6

=============================================================
Spatial Nonstationarity Analysis - HPC Parallel Processing
=============================================================
Data directory:    data/spatial_datasets 
Output directory:  results 
Cores:             8 
Gene selection:    all expressed genes (after quality filter)
SLURM array task:  6 
Start time:        2026-03-02 18:23:29 
=============================================================

Loading packages...
Loading analysis functions...
Analysis functions loaded.
Testing INLA...
INLA OK

Found 18 unique dataset files (v3.13 duplicates excluded)
Array mode: processing dataset 6 of 18 

Setting up 8 parallel workers...
[[1]]
NULL

[[2]]
NULL

[[3]]
NULL

[[4]]
NULL

[[5]]
NULL

[[6]]
NULL

[[7]]
NULL

[[8]]
NULL


============================================================
Dataset 1 / 1 : HumanHeart 
= = = = = = = = = = = = = = = = = = = = = = = = = = = = = = = = = = = = = = = = = = = = = = = = = = = = = = = = = = = = 
  Genes: 36601, Spots: 4247
  After quality filter: 13689 genes (analyse all)
  Building shared SPDE mesh...
  Mesh: 320 nodes
  Running parallel INLA fits for 13689 genes...
  Completed in 642.0 min
  Saved: results/HumanHeart_results.rds 
  Successful: 13689/13689  |  Favour non-stationary: 473 (3.5%)

============================================================
Combining results across all datasets...
Saved combined results to: results 

============================================================
ANALYSIS SUMMARY
= = = = = = = = = = = = = = = = = = = = = = = = = = = = = = = = = = = = = = = = = = = = = = = = = = = = = = = = = = = = 
Datasets processed: 1 
Total genes:        13689 
Successful fits:    13689 
Failed fits:        0 

Bayes Factor summary:
  Mean log(BF):                 -4.484 
  Median log(BF):               -4.969 
  % favouring non-stationary:   3.5 %
  % extreme for stationary:     56.9 %
  % extreme for non-stationary: 1.7 %

End time: 2026-03-03 05:05:48 
Done!

==========================================
Task 6 completed successfully at: Tue Mar  3 05:05:49 AM PST 2026
==========================================
